Component: ARM Compiler 6.16 Tool: armlink [5dfeaa00]

==============================================================================

Section Cross References

    startup.o(RESET) refers to startup.o(STACK) for __initial_sp
    startup.o(RESET) refers to startup.o(.text) for Reset_Handler
    startup.o(.text) refers to main.o(MyCode) for __main


==============================================================================

Removing Unused input sections from the image.

    Removing startup.o(HEAP), (512 bytes).

1 unused section(s) (total 512 bytes) removed from the image.

==============================================================================

Image Symbol Table

    Local Symbols

    Symbol Name                              Value     Ov Type        Size  Object(Section)

    main.s                                   0x00000000   Number         0  main.o ABSOLUTE
    startup.s                                0x00000000   Number         0  startup.o ABSOLUTE
    RESET                                    0x08000000   Section      392  startup.o(RESET)
    $v0                                      0x08000188   Number         0  startup.o(.text)
    .text                                    0x08000188   Section       28  startup.o(.text)
    $v0                                      0x080001a4   Number         0  main.o(MyCode)
    MyCode                                   0x080001a4   Section      284  main.o(MyCode)
    STACK                                    0x20000000   Section     1024  startup.o(STACK)

    Global Symbols

    Symbol Name                              Value     Ov Type        Size  Object(Section)

    BuildAttributes$$THM_ISAv4$E$P$D$K$B$S$7EM$VFPi3$EXTD16$VFPS$VFMA$PE$A:L22UL41UL21$X:L11$S22US41US21$IEEE1$~IW$USESV6$~STKCKD$USESV7$~SHL$OSPACE$EBA8$MICROLIB$EABIv2 0x00000000   Number         0  anon$$obj.o ABSOLUTE
    __Vectors_Size                           0x00000188   Number         0  startup.o ABSOLUTE
    __Vectors                                0x08000000   Data           4  startup.o(RESET)
    Reset_Handler                            0x08000189   Thumb Code     4  startup.o(.text)
    __Vectors_End                            0x08000188   Data           0  startup.o(RESET)
    NMI_Handler                              0x0800018d   Thumb Code     2  startup.o(.text)
    HardFault_Handler                        0x0800018f   Thumb Code     2  startup.o(.text)
    MemManage_Handler                        0x08000191   Thumb Code     2  startup.o(.text)
    BusFault_Handler                         0x08000193   Thumb Code     2  startup.o(.text)
    UsageFault_Handler                       0x08000195   Thumb Code     2  startup.o(.text)
    SVC_Handler                              0x08000197   Thumb Code     2  startup.o(.text)
    DebugMon_Handler                         0x08000199   Thumb Code     2  startup.o(.text)
    PendSV_Handler                           0x0800019b   Thumb Code     2  startup.o(.text)
    SysTick_Handler                          0x0800019d   Thumb Code     2  startup.o(.text)
    ADC1_2_IRQHandler                        0x0800019f   Thumb Code     0  startup.o(.text)
    ADC3_IRQHandler                          0x0800019f   Thumb Code     0  startup.o(.text)
    CAN1_RX0_IRQHandler                      0x0800019f   Thumb Code     0  startup.o(.text)
    CAN1_RX1_IRQHandler                      0x0800019f   Thumb Code     0  startup.o(.text)
    CAN1_SCE_IRQHandler                      0x0800019f   Thumb Code     0  startup.o(.text)
    CAN1_TX_IRQHandler                       0x0800019f   Thumb Code     0  startup.o(.text)
    COMP_IRQHandler                          0x0800019f   Thumb Code     0  startup.o(.text)
    DFSDM1_FLT0_IRQHandler                   0x0800019f   Thumb Code     0  startup.o(.text)
    DFSDM1_FLT1_IRQHandler                   0x0800019f   Thumb Code     0  startup.o(.text)
    DFSDM1_FLT2_IRQHandler                   0x0800019f   Thumb Code     0  startup.o(.text)
    DFSDM1_FLT3_IRQHandler                   0x0800019f   Thumb Code     0  startup.o(.text)
    DMA1_Channel1_IRQHandler                 0x0800019f   Thumb Code     0  startup.o(.text)
    DMA1_Channel2_IRQHandler                 0x0800019f   Thumb Code     0  startup.o(.text)
    DMA1_Channel3_IRQHandler                 0x0800019f   Thumb Code     0  startup.o(.text)
    DMA1_Channel4_IRQHandler                 0x0800019f   Thumb Code     0  startup.o(.text)
    DMA1_Channel5_IRQHandler                 0x0800019f   Thumb Code     0  startup.o(.text)
    DMA1_Channel6_IRQHandler                 0x0800019f   Thumb Code     0  startup.o(.text)
    DMA1_Channel7_IRQHandler                 0x0800019f   Thumb Code     0  startup.o(.text)
    DMA2_Channel1_IRQHandler                 0x0800019f   Thumb Code     0  startup.o(.text)
    DMA2_Channel2_IRQHandler                 0x0800019f   Thumb Code     0  startup.o(.text)
    DMA2_Channel3_IRQHandler                 0x0800019f   Thumb Code     0  startup.o(.text)
    DMA2_Channel4_IRQHandler                 0x0800019f   Thumb Code     0  startup.o(.text)
    DMA2_Channel5_IRQHandler                 0x0800019f   Thumb Code     0  startup.o(.text)
    DMA2_Channel6_IRQHandler                 0x0800019f   Thumb Code     0  startup.o(.text)
    DMA2_Channel7_IRQHandler                 0x0800019f   Thumb Code     0  startup.o(.text)
    EXTI0_IRQHandler                         0x0800019f   Thumb Code     0  startup.o(.text)
    EXTI15_10_IRQHandler                     0x0800019f   Thumb Code     0  startup.o(.text)
    EXTI1_IRQHandler                         0x0800019f   Thumb Code     0  startup.o(.text)
    EXTI2_IRQHandler                         0x0800019f   Thumb Code     0  startup.o(.text)
    EXTI3_IRQHandler                         0x0800019f   Thumb Code     0  startup.o(.text)
    EXTI4_IRQHandler                         0x0800019f   Thumb Code     0  startup.o(.text)
    EXTI9_5_IRQHandler                       0x0800019f   Thumb Code     0  startup.o(.text)
    FLASH_IRQHandler                         0x0800019f   Thumb Code     0  startup.o(.text)
    FMC_IRQHandler                           0x0800019f   Thumb Code     0  startup.o(.text)
    FPU_IRQHandler                           0x0800019f   Thumb Code     0  startup.o(.text)
    I2C1_ER_IRQHandler                       0x0800019f   Thumb Code     0  startup.o(.text)
    I2C1_EV_IRQHandler                       0x0800019f   Thumb Code     0  startup.o(.text)
    I2C2_ER_IRQHandler                       0x0800019f   Thumb Code     0  startup.o(.text)
    I2C2_EV_IRQHandler                       0x0800019f   Thumb Code     0  startup.o(.text)
    I2C3_ER_IRQHandler                       0x0800019f   Thumb Code     0  startup.o(.text)
    I2C3_EV_IRQHandler                       0x0800019f   Thumb Code     0  startup.o(.text)
    LCD_IRQHandler                           0x0800019f   Thumb Code     0  startup.o(.text)
    LPTIM1_IRQHandler                        0x0800019f   Thumb Code     0  startup.o(.text)
    LPTIM2_IRQHandler                        0x0800019f   Thumb Code     0  startup.o(.text)
    LPUART1_IRQHandler                       0x0800019f   Thumb Code     0  startup.o(.text)
    OTG_FS_IRQHandler                        0x0800019f   Thumb Code     0  startup.o(.text)
    PVD_PVM_IRQHandler                       0x0800019f   Thumb Code     0  startup.o(.text)
    QUADSPI_IRQHandler                       0x0800019f   Thumb Code     0  startup.o(.text)
    RCC_IRQHandler                           0x0800019f   Thumb Code     0  startup.o(.text)
    RNG_IRQHandler                           0x0800019f   Thumb Code     0  startup.o(.text)
    RTC_Alarm_IRQHandler                     0x0800019f   Thumb Code     0  startup.o(.text)
    RTC_WKUP_IRQHandler                      0x0800019f   Thumb Code     0  startup.o(.text)
    SAI1_IRQHandler                          0x0800019f   Thumb Code     0  startup.o(.text)
    SAI2_IRQHandler                          0x0800019f   Thumb Code     0  startup.o(.text)
    SDMMC1_IRQHandler                        0x0800019f   Thumb Code     0  startup.o(.text)
    SPI1_IRQHandler                          0x0800019f   Thumb Code     0  startup.o(.text)
    SPI2_IRQHandler                          0x0800019f   Thumb Code     0  startup.o(.text)
    SPI3_IRQHandler                          0x0800019f   Thumb Code     0  startup.o(.text)
    SWPMI1_IRQHandler                        0x0800019f   Thumb Code     0  startup.o(.text)
    TAMP_STAMP_IRQHandler                    0x0800019f   Thumb Code     0  startup.o(.text)
    TIM1_BRK_TIM15_IRQHandler                0x0800019f   Thumb Code     0  startup.o(.text)
    TIM1_CC_IRQHandler                       0x0800019f   Thumb Code     0  startup.o(.text)
    TIM1_TRG_COM_TIM17_IRQHandler            0x0800019f   Thumb Code     0  startup.o(.text)
    TIM1_UP_TIM16_IRQHandler                 0x0800019f   Thumb Code     0  startup.o(.text)
    TIM2_IRQHandler                          0x0800019f   Thumb Code     0  startup.o(.text)
    TIM3_IRQHandler                          0x0800019f   Thumb Code     0  startup.o(.text)
    TIM4_IRQHandler                          0x0800019f   Thumb Code     0  startup.o(.text)
    TIM5_IRQHandler                          0x0800019f   Thumb Code     0  startup.o(.text)
    TIM6_DAC_IRQHandler                      0x0800019f   Thumb Code     0  startup.o(.text)
    TIM7_IRQHandler                          0x0800019f   Thumb Code     0  startup.o(.text)
    TIM8_BRK_IRQHandler                      0x0800019f   Thumb Code     0  startup.o(.text)
    TIM8_CC_IRQHandler                       0x0800019f   Thumb Code     0  startup.o(.text)
    TIM8_TRG_COM_IRQHandler                  0x0800019f   Thumb Code     0  startup.o(.text)
    TIM8_UP_IRQHandler                       0x0800019f   Thumb Code     0  startup.o(.text)
    TSC_IRQHandler                           0x0800019f   Thumb Code     0  startup.o(.text)
    UART4_IRQHandler                         0x0800019f   Thumb Code     0  startup.o(.text)
    UART5_IRQHandler                         0x0800019f   Thumb Code     0  startup.o(.text)
    USART1_IRQHandler                        0x0800019f   Thumb Code     0  startup.o(.text)
    USART2_IRQHandler                        0x0800019f   Thumb Code     0  startup.o(.text)
    USART3_IRQHandler                        0x0800019f   Thumb Code     0  startup.o(.text)
    WWDG_IRQHandler                          0x0800019f   Thumb Code     0  startup.o(.text)
    __main                                   0x080001a5   Thumb Code     0  main.o(MyCode)
    __initial_sp                             0x20000400   Data           0  startup.o(STACK)



==============================================================================

Memory Map of the image

  Image Entry point : 0x08000189

  Load Region LR_1 (Base: 0x08000000, Size: 0x000002c0, Max: 0xffffffff, ABSOLUTE)

    Execution Region ER_RO (Exec base: 0x08000000, Load base: 0x08000000, Size: 0x000002c0, Max: 0xffffffff, ABSOLUTE)

    Exec Addr    Load Addr    Size         Type   Attr      Idx    E Section Name        Object

    0x08000000   0x08000000   0x00000188   Data   RO            3    RESET               startup.o
    0x08000188   0x08000188   0x0000001c   Code   RO            4  * .text               startup.o
    0x080001a4   0x080001a4   0x0000011c   Code   RO           10  * MyCode              main.o


    Execution Region ER_RW (Exec base: 0x20000000, Load base: 0x080002c0, Size: 0x00000000, Max: 0xffffffff, ABSOLUTE)

    **** No section assigned to this execution region ****


    Execution Region ER_ZI (Exec base: 0x20000000, Load base: 0x080002c0, Size: 0x00000400, Max: 0xffffffff, ABSOLUTE)

    Exec Addr    Load Addr    Size         Type   Attr      Idx    E Section Name        Object

    0x20000000        -       0x00000400   Zero   RW            1    STACK               startup.o


==============================================================================

Image component sizes


      Code (inc. data)   RO Data    RW Data    ZI Data      Debug   Object Name

       284         20          0          0          0        364   main.o
        28          4        392          0       1024        820   startup.o

    ----------------------------------------------------------------------
       312         24        392          0       1024       1184   Object Totals
         0          0          0          0          0          0   (incl. Generated)
         0          0          0          0          0          0   (incl. Padding)

    ----------------------------------------------------------------------
         0          0          0          0          0          0   Library Totals
         0          0          0          0          0          0   (incl. Padding)

    ----------------------------------------------------------------------

==============================================================================


      Code (inc. data)   RO Data    RW Data    ZI Data      Debug   

       312         24        392          0       1024       1184   Grand Totals
       312         24        392          0       1024       1184   ELF Image Totals
       312         24        392          0          0          0   ROM Totals

==============================================================================

    Total RO  Size (Code + RO Data)                  704 (   0.69kB)
    Total RW  Size (RW Data + ZI Data)              1024 (   1.00kB)
    Total ROM Size (Code + RO Data + RW Data)        704 (   0.69kB)

==============================================================================

